// Jest Snapshot v1, https://goo.gl/fbAQLP

exports[`<Lineage /> should render 1`] = `
<div>
  <span
    className="icon icon-common primary"
    data-icon=""
  >
     
    <TaxIdOrName
      accession="1"
      name={
        {
          "name": "root",
          "short": "root",
        }
      }
    />
     
  </span>
  <span
    className="icon icon-common primary"
    data-icon=""
  >
     
    <TaxIdOrName
      accession="131567"
      name={
        {
          "name": "cellular organisms",
          "short": "cellular organisms",
        }
      }
    />
     
  </span>
  <span
    className="icon icon-common primary"
    data-icon=""
  >
     
    <TaxIdOrName
      accession="2"
      name={
        {
          "name": "Bacteria",
          "short": "Bacteria (eubacteria)",
        }
      }
    />
     
  </span>
  <span
    className="icon icon-common primary"
    data-icon=""
  >
     
    <TaxIdOrName
      accession="1224"
      name={
        {
          "name": "Proteobacteria",
          "short": "Proteobacteria",
        }
      }
    />
     
  </span>
  <span
    className="icon icon-common primary"
    data-icon=""
  >
     
    <TaxIdOrName
      accession="28211"
      name={
        {
          "name": "Alphaproteobacteria",
          "short": "Alphaproteobacteria",
        }
      }
    />
     
  </span>
  <span
    className="icon icon-common primary"
    data-icon=""
  >
     
    <TaxIdOrName
      accession="356"
      name={
        {
          "name": "Rhizobiales",
          "short": "Rhizobiales (rhizobacteria)",
        }
      }
    />
     
  </span>
  <span
    className="icon icon-common primary"
    data-icon=""
  >
     
    <TaxIdOrName
      accession="335928"
      name={
        {
          "name": "Xanthobacteraceae",
          "short": "Xanthobacteraceae",
        }
      }
    />
     
  </span>
  <span
    className="icon icon-common primary"
    data-icon=""
  >
     
    <TaxIdOrName
      accession="99"
      name={
        {
          "name": "Ancylobacter",
          "short": "Ancylobacter",
        }
      }
    />
     
  </span>
  <span
    className="icon icon-common primary"
    data-icon=""
  >
     
    <TaxIdOrName
      accession="100"
      name={
        {
          "name": "Ancylobacter aquaticus",
          "short": "Ancylobacter aquaticus",
        }
      }
    />
     
  </span>
</div>
`;
