// Jest Snapshot v1, https://goo.gl/fbAQLP

exports[`<ResolutionFilter /> should render 1`] = `
<div
  className="column"
>
  <label
    className="radio-btn-label checked"
  >
    <input
      checked={true}
      className="radio-btn"
      disabled={false}
      name="resolution"
      onChange={[Function]}
      type="radio"
      value="All"
    />
    <span>
      All
    </span>
  </label>
  <label
    className="radio-btn-label"
  >
    <input
      checked={false}
      className="radio-btn"
      disabled={false}
      name="resolution"
      onChange={[Function]}
      type="radio"
      value="Subset"
    />
    <span>
      0
       - 
      20
       Ã…
    </span>
  </label>
  <MultipleInput
    aria-label="resolution range"
    className="range hideable hidden"
    max={20}
    maxValue={20}
    min={0}
    minValue={0}
    onChange={[Function]}
    step="0.05"
  />
</div>
`;
