// Jest Snapshot v1, https://goo.gl/fbAQLP

exports[`<HelpBanner /> should render 1`] = `
<div
  className="help-banner flex-card"
>
  <header>
    <span
      className="icon icon-common font-l"
      data-icon=""
    />
     
    Need more Help?
  </header>
  <div>
    If you need more info on 
    , you can either look at the:
    <br />
    <span
      className="icon icon-common font-l"
      data-icon=""
    />
     
    <Memo(Connect(Link))
      className=""
      to={
        Object {
          "description": Object {
            "other": Array [
              "help",
              "documentation",
            ],
          },
        }
      }
    >
      Documentation page
    </Memo(Connect(Link))>
    <br />
    or
     
    <Memo(Connect(Link))
      href="http://www.ebi.ac.uk/support/interpro-general-query"
      target="_blank"
    >
      contact us
    </Memo(Connect(Link))>
     
    directly with your question.
  </div>
</div>
`;
