// Jest Snapshot v1, https://goo.gl/fbAQLP

exports[`<Twitter /> should render 1`] = `
<div
  className="expanded row"
>
  <div
    className="columns"
    style={
      Object {
        "padding": 0,
      }
    }
  >
    <div
      className="jumbo-news"
    >
      <div
        className="jumbo-news-container"
      >
        <div
          className="icon icon-common"
          data-icon="ï‚™"
        />
        <Connect(Link)
          className="twitter-timeline"
          data-chrome="nofooter noborders noheader noscrollbar transparent"
          data-dnt="true"
          data-tweet-limit="1"
          href="https://twitter.com/InterProDB"
          target="_blank"
        >
          Tweets by @InterProDB
        </Connect(Link)>
      </div>
    </div>
  </div>
</div>
`;
