// Jest Snapshot v1, https://goo.gl/fbAQLP

exports[`<List /> should render 1`] = `
<div
  className="row"
>
  <div
    className="columns"
  >
    <Memo(Loadable)
      data={
        Array [
          Object {
            "accession": "E0W2I7",
            "length": 1010,
            "locations": Array [
              Object {
                "fragments": Array [
                  Object {
                    "end": 179,
                    "start": 87,
                  },
                ],
              },
            ],
            "metadata": Object {
              "anno_id": 581570,
              "confidence": "99",
              "resource": "Gene3D",
              "type": "PREDICTED_DOMAIN",
            },
            "tooltipContent": "Predicted domain from Genome3D resource 'Gene3D' based on UniProtKB E0W2I7/87-179 matching classification 1nl1A00",
          },
        ]
      }
      processData={[Function]}
    />
    <Table
      actualSize={1649}
      dataTable={
        Array [
          Object {
            "accession": "E0W2I7",
            "anno_id": 581570,
            "confidence": "99",
            "id": 581570,
            "length": 1010,
            "locations": Array [
              Object {
                "fragments": Array [
                  Object {
                    "end": 179,
                    "start": 87,
                  },
                ],
              },
            ],
            "resource": "Gene3D",
            "tooltipContent": "Predicted domain from Genome3D resource 'Gene3D' based on UniProtKB E0W2I7/87-179 matching classification 1nl1A00",
            "type": "PREDICTED_DOMAIN",
          },
        ]
      }
      loading={false}
      notFound={false}
      rowKey="id"
    >
      <Memo(Connect(Exporter))>
        <div
          className="menu-grid"
        >
          <label
            htmlFor="json"
          >
            JSON
          </label>
          <Memo(Connect(FileExporter))
            count={1649}
            fileType="json"
            name="genome3d.IPR000001.json"
          />
          <label
            htmlFor="tsv"
          >
            TSV
          </label>
          <Memo(Connect(FileExporter))
            count={1649}
            fileType="tsv"
            name="genome3d.IPR000001.tsv"
          />
        </div>
      </Memo(Connect(Exporter))>
      <Column
        customiseSearch={
          Object {
            "message": "Accepts only UniProt accessions",
            "validation": /\\^\\(\\[OPQ\\]\\[0-9\\]\\[A-Z0-9\\]\\{3\\}\\[0-9\\]\\|\\[A-NR-Z\\]\\[0-9\\]\\(\\[A-Z\\]\\[A-Z0-9\\]\\{2\\}\\[0-9\\]\\)\\{1,2\\}\\)\\$/i,
          }
        }
        dataKey="accession"
        isSearchable={true}
        renderer={[Function]}
      >
        Protein
      </Column>
      <Column
        dataKey="evidences"
        isSearchable={true}
        options={Array []}
        renderer={[Function]}
        showOptions={true}
      >
        Evidence
      </Column>
      <Column
        customiseSearch={
          Object {
            "placeholder": ">=",
            "type": "number",
          }
        }
        dataKey="confidence"
        isSearchable={true}
        renderer={[Function]}
      />
      <Column
        dataKey="locations"
        renderer={[Function]}
      >
        Matches
      </Column>
    </Table>
  </div>
</div>
`;
