// Jest Snapshot v1, https://goo.gl/fbAQLP

exports[`<Consortium /> should render with data 1`] = `
<section>
  <h3>
    The InterPro Consortium
  </h3>
  <p>
    The following databases make up the InterPro Consortium:
  </p>
  <table
    className="light"
  >
    <tbody>
      <tr>
        <td>
          <MemberSymbol
            className="md-small"
            type="cathgene3d"
          />
        </td>
        <td>
           
          <Connect(Link)
            className="ext"
            href="http://www.cathdb.info/"
            target="_blank"
          >
            <span
              className="h5"
            >
              CATH-Gene3D
            </span>
          </Connect(Link)>
          
        </td>
        <td>
          4.2.0
        </td>
        <td>
           
          CATH-Gene3D database describes protein families and domain architectures in complete genomes. Protein families are formed using a Markov clustering algorithm, followed by multi-linkage clustering according to sequence identity. Mapping of predicted structure and sequence domains is undertaken using hidden Markov models libraries representing CATH and Pfam domains. CATH-Gene3D is based at University College, London, UK.
           
          <br />
           
          <small
            className="icon icon-generic"
            data-icon="r"
          >
             
            Released 
            <time
              dateTime="2017-09-04T00:00:00"
              title="2017-9-4"
            >
              <TimeAgo
                date={2017-09-03T23:00:00.000Z}
                noUpdate={true}
              />
            </time>
          </small>
        </td>
      </tr>
      <tr>
        <td>
          <MemberSymbol
            className="md-small"
            type="cdd"
          />
        </td>
        <td>
           
          <Connect(Link)
            className="ext"
            href="//www.ncbi.nlm.nih.gov/Structure/cdd/cdd.shtml"
            target="_blank"
          >
            <span
              className="h5"
            >
              CDD
            </span>
          </Connect(Link)>
          
        </td>
        <td>
          3.16
        </td>
        <td>
           
          CDD is a protein annotation resource that consists of a collection of annotated multiple sequence alignment models for ancient domains and full-length proteins. These are available as position-specific score matrices (PSSMs) for fast identification of conserved domains in protein sequences via RPS-BLAST. CDD content includes NCBI-curated domain models, which use 3D-structure information to explicitly define domain boundaries and provide insights into sequence/structure/function relationships, as well as domain models imported from a number of external source databases.
           
          <br />
           
          <small
            className="icon icon-generic"
            data-icon="r"
          >
             
            Released 
            <time
              dateTime="2017-03-28T00:00:00"
              title="2017-3-28"
            >
              <TimeAgo
                date={2017-03-27T23:00:00.000Z}
                noUpdate={true}
              />
            </time>
          </small>
        </td>
      </tr>
      <tr>
        <td>
          <MemberSymbol
            className="md-small"
            type="hamap"
          />
        </td>
        <td>
           
          <Connect(Link)
            className="ext"
            href="//hamap.expasy.org/"
            target="_blank"
          >
            <span
              className="h5"
            >
              HAMAP
            </span>
          </Connect(Link)>
          
        </td>
        <td>
          2018_03
        </td>
        <td>
           
          HAMAP stands for High-quality Automated and Manual Annotation of Proteins. HAMAP profiles are manually created by expert curators. They identify proteins that are part of well-conserved proteins families or subfamilies. HAMAP is based at the SIB Swiss Institute of Bioinformatics, Geneva, Switzerland.
           
          <br />
           
          <small
            className="icon icon-generic"
            data-icon="r"
          >
             
            Released 
            <time
              dateTime="2018-03-28T00:00:00"
              title="2018-3-28"
            >
              <TimeAgo
                date={2018-03-27T23:00:00.000Z}
                noUpdate={true}
              />
            </time>
          </small>
        </td>
      </tr>
      <tr>
        <td>
          <MemberSymbol
            className="md-small"
            type="mobidblt"
          />
        </td>
        <td>
           
          <Connect(Link)
            className="ext"
            href="http://mobidb.bio.unipd.it/"
            target="_blank"
          >
            <span
              className="h5"
            >
              MobiDB Lite
            </span>
          </Connect(Link)>
          
        </td>
        <td>
          1.0
        </td>
        <td>
           
          MobiDB offers a centralized resource for annotations of intrinsic protein disorder. The database features three levels of annotation: manually curated, indirect and predicted. The different sources present a clear tradeoff between quality and coverage. By combining them all into a consensus annotation, MobiDB aims at giving the best possible picture of the “disorder landscape” of a given protein of interest.
           
          <br />
           
          <small
            className="icon icon-generic"
            data-icon="r"
          >
             
            Released 
            <time
              dateTime="2016-05-02T00:00:00"
              title="2016-5-2"
            >
              <TimeAgo
                date={2016-05-01T23:00:00.000Z}
                noUpdate={true}
              />
            </time>
          </small>
        </td>
      </tr>
      <tr>
        <td>
          <MemberSymbol
            className="md-small"
            type="panther"
          />
        </td>
        <td>
           
          <Connect(Link)
            className="ext"
            href="http://www.pantherdb.org/"
            target="_blank"
          >
            <span
              className="h5"
            >
              PANTHER
            </span>
          </Connect(Link)>
          
        </td>
        <td>
          12.0
        </td>
        <td>
           
          PANTHER is a large collection of protein families that have been subdivided into functionally related subfamilies, using human expertise. These subfamilies model the divergence of specific functions within protein families, allowing more accurate association with function, as well as inference of amino acids important for functional specificity. Hidden Markov models (HMMs) are built for each family and subfamily for classifying additional protein sequences. PANTHER is based at at University of Southern California, CA, US.
           
          <br />
           
          <small
            className="icon icon-generic"
            data-icon="r"
          >
             
            Released 
            <time
              dateTime="2017-05-08T00:00:00"
              title="2017-5-8"
            >
              <TimeAgo
                date={2017-05-07T23:00:00.000Z}
                noUpdate={true}
              />
            </time>
          </small>
        </td>
      </tr>
      <tr>
        <td>
          <MemberSymbol
            className="md-small"
            type="pfam"
          />
        </td>
        <td>
           
          <Connect(Link)
            className="ext"
            href="//pfam.xfam.org/"
            target="_blank"
          >
            <span
              className="h5"
            >
              Pfam
            </span>
          </Connect(Link)>
          
        </td>
        <td>
          31.0
        </td>
        <td>
           
          PFAM is a large collection of multiple sequence alignments and hidden Markov models covering many common protein domains. Pfam is based at EMBL-EBI, Hinxton, UK.
           
          <br />
           
          <small
            className="icon icon-generic"
            data-icon="r"
          >
             
            Released 
            <time
              dateTime="2017-03-08T00:00:00"
              title="2017-3-8"
            >
              <TimeAgo
                date={2017-03-08T00:00:00.000Z}
                noUpdate={true}
              />
            </time>
          </small>
        </td>
      </tr>
      <tr>
        <td>
          <MemberSymbol
            className="md-small"
            type="pirsf"
          />
        </td>
        <td>
           
          <Connect(Link)
            className="ext"
            href="//pir.georgetown.edu/pirwww/dbinfo/pirsf.shtml"
            target="_blank"
          >
            <span
              className="h5"
            >
              PIRSF
            </span>
          </Connect(Link)>
          
        </td>
        <td>
          3.02
        </td>
        <td>
           
          PIRSF protein classification system is a network with multiple levels of sequence diversity from superfamilies to subfamilies that reflects the evolutionary relationship of full-length proteins and domains. PIRSF is based at the Protein Information Resource, Georgetown University Medical Centre, Washington DC, US.
           
          <br />
           
          <small
            className="icon icon-generic"
            data-icon="r"
          >
             
            Released 
            <time
              dateTime="2014-04-07T00:00:00"
              title="2014-4-7"
            >
              <TimeAgo
                date={2014-04-06T23:00:00.000Z}
                noUpdate={true}
              />
            </time>
          </small>
        </td>
      </tr>
      <tr>
        <td>
          <MemberSymbol
            className="md-small"
            type="prints"
          />
        </td>
        <td>
           
          <Connect(Link)
            className="ext"
            href="http://130.88.97.239/PRINTS/"
            target="_blank"
          >
            <span
              className="h5"
            >
              PRINTS
            </span>
          </Connect(Link)>
          
        </td>
        <td>
          42.0
        </td>
        <td>
           
          PRINTS is a compendium of protein fingerprints. A fingerprint is a group of conserved motifs used to characterise a protein family or domain. PRINTS is based at the University of Manchester, UK.
           
          <br />
           
          <small
            className="icon icon-generic"
            data-icon="r"
          >
             
            Released 
            <time
              dateTime="2012-06-14T00:00:00"
              title="2012-6-14"
            >
              <TimeAgo
                date={2012-06-13T23:00:00.000Z}
                noUpdate={true}
              />
            </time>
          </small>
        </td>
      </tr>
      <tr>
        <td>
          <MemberSymbol
            className="md-small"
            type="prodom"
          />
        </td>
        <td>
           
          <Connect(Link)
            className="ext"
            href="//prodom.prabi.fr/"
            target="_blank"
          >
            <span
              className="h5"
            >
              ProDom
            </span>
          </Connect(Link)>
          
        </td>
        <td>
          2006.1
        </td>
        <td>
           
          PRODOM protein domain database consists of an automatic compilation of homologous domains. Current versions of ProDom are built using a novel procedure based on recursive PSI-BLAST searches. ProDom is based at PRABI Villeurbanne, France.
           
          <br />
           
          <small
            className="icon icon-generic"
            data-icon="r"
          >
             
            Released 
            <time
              dateTime="2009-04-23T12:05:33"
              title="2009-4-23"
            >
              <TimeAgo
                date={2009-04-23T11:05:33.000Z}
                noUpdate={true}
              />
            </time>
          </small>
        </td>
      </tr>
      <tr>
        <td>
          <MemberSymbol
            className="md-small"
            type="profile"
          />
        </td>
        <td>
           
          <Connect(Link)
            className="ext"
            href="//prosite.expasy.org/"
            target="_blank"
          >
            <span
              className="h5"
            >
              PROSITE profiles
            </span>
          </Connect(Link)>
        </td>
        <td>
          2018_02
        </td>
        <td>
           
           
          <br />
           
          <small
            className="icon icon-generic"
            data-icon="r"
          >
             
            Released 
            <time
              dateTime="2018-02-28T00:00:00"
              title="2018-2-28"
            >
              <TimeAgo
                date={2018-02-28T00:00:00.000Z}
                noUpdate={true}
              />
            </time>
          </small>
        </td>
      </tr>
      <tr>
        <td>
          <MemberSymbol
            className="md-small"
            type="prosite"
          />
        </td>
        <td>
           
          <Connect(Link)
            className="ext"
            href="//prosite.expasy.org/"
            target="_blank"
          >
            <span
              className="h5"
            >
              PROSITE patterns
            </span>
          </Connect(Link)>
        </td>
        <td>
          2018_02
        </td>
        <td>
           
          PROSITE is a database of protein families and domains. It consists of biologically significant sites, patterns and profiles that help to reliably identify to which known protein family a new sequence belongs. PROSITE is base at the Swiss Institute of Bioinformatics (SIB), Geneva, Switzerland.
           
          <br />
           
          <small
            className="icon icon-generic"
            data-icon="r"
          >
             
            Released 
            <time
              dateTime="2018-02-28T00:00:00"
              title="2018-2-28"
            >
              <TimeAgo
                date={2018-02-28T00:00:00.000Z}
                noUpdate={true}
              />
            </time>
          </small>
        </td>
      </tr>
      <tr>
        <td>
          <MemberSymbol
            className="md-small"
            type="sfld"
          />
        </td>
        <td>
           
          
          <Connect(Link)
            className="ext"
            href="http://sfld.rbvi.ucsf.edu/django/"
            target="_blank"
          >
            <span
              className="h5"
            >
              SFLD
            </span>
          </Connect(Link)>
        </td>
        <td>
          3
        </td>
        <td>
           
          SFLD (Structure-Function Linkage Database) is a hierarchical classification of enzymes that relates specific sequence-structure features to specific chemical capabilities.
           
          <br />
           
          <small
            className="icon icon-generic"
            data-icon="r"
          >
             
            Released 
            <time
              dateTime="2017-07-13T00:00:00"
              title="2017-7-13"
            >
              <TimeAgo
                date={2017-07-12T23:00:00.000Z}
                noUpdate={true}
              />
            </time>
          </small>
        </td>
      </tr>
      <tr>
        <td>
          <MemberSymbol
            className="md-small"
            type="smart"
          />
        </td>
        <td>
           
          
          <Connect(Link)
            className="ext"
            href="http://smart.embl-heidelberg.de/"
            target="_blank"
          >
            <span
              className="h5"
            >
              SMART
            </span>
          </Connect(Link)>
        </td>
        <td>
          7.1
        </td>
        <td>
           
          SMART (a Simple Modular Architecture Research Tool) allows the identification and annotation of genetically mobile domains and the analysis of domain architectures. SMART is based at at EMBL, Heidelberg, Germany.
           
          <br />
           
          <small
            className="icon icon-generic"
            data-icon="r"
          >
             
            Released 
            <time
              dateTime="2016-02-05T00:00:00"
              title="2016-2-5"
            >
              <TimeAgo
                date={2016-02-05T00:00:00.000Z}
                noUpdate={true}
              />
            </time>
          </small>
        </td>
      </tr>
      <tr>
        <td>
          <MemberSymbol
            className="md-small"
            type="ssf"
          />
        </td>
        <td>
           
          
          <Connect(Link)
            className="ext"
            href="http://supfam.org/"
            target="_blank"
          >
            <span
              className="h5"
            >
              SUPERFAMILY
            </span>
          </Connect(Link)>
        </td>
        <td>
          1.75
        </td>
        <td>
           
          SUPERFAMILY is a library of profile hidden Markov models that represent all proteins of known structure. The library is based on the SCOP classification of proteins: each model corresponds to a SCOP domain and aims to represent the entire SCOP superfamily that the domain belongs to. SUPERFAMILY is based at the University of Bristol, UK.
           
          <br />
           
          <small
            className="icon icon-generic"
            data-icon="r"
          >
             
            Released 
            <time
              dateTime="2010-11-08T00:00:00"
              title="2010-11-8"
            >
              <TimeAgo
                date={2010-11-08T00:00:00.000Z}
                noUpdate={true}
              />
            </time>
          </small>
        </td>
      </tr>
      <tr>
        <td>
          <MemberSymbol
            className="md-small"
            type="tigrfams"
          />
        </td>
        <td>
           
          
          <Connect(Link)
            className="ext"
            href="//tigrfams.jcvi.org/cgi-bin/index.cgi"
            target="_blank"
          >
            <span
              className="h5"
            >
              TIGRFAMs
            </span>
          </Connect(Link)>
        </td>
        <td>
          15.0
        </td>
        <td>
           
          TIGRFAMs is a collection of protein families, featuring curated multiple sequence alignments, hidden Markov models (HMMs) and annotation, which provides a tool for identifying functionally related proteins based on sequence homology. TIGRFAMs is based at the J. Craig Venter Institute, Rockville, MD, US.
           
          <br />
           
          <small
            className="icon icon-generic"
            data-icon="r"
          >
             
            Released 
            <time
              dateTime="2014-09-16T00:00:00"
              title="2014-9-16"
            >
              <TimeAgo
                date={2014-09-15T23:00:00.000Z}
                noUpdate={true}
              />
            </time>
          </small>
        </td>
      </tr>
    </tbody>
  </table>
</section>
`;

exports[`<Consortium /> should render without data 1`] = `<Loading />`;

exports[`<Consortium /> should render without data 2`] = `<Loading />`;
