// Jest Snapshot v1, https://goo.gl/fbAQLP

exports[`<RefreshButton /> should render 1`] = `
<ForwardRef
  aria-label="Manually refresh job information"
  onClick={[Function]}
>
  <Tooltip
    title="Manually refresh job information"
  >
    <span
      className="icon icon-common"
      data-icon="ï‹¹"
    />
  </Tooltip>
</ForwardRef>
`;
