// Jest Snapshot v1, https://goo.gl/fbAQLP

exports[`<TimeAgo /> should render 1`] = `
<time
  dateTime="17-06-1998 01:00:00"
  title="17/06/1998"
>
  24 years ago
</time>
`;
