// Jest Snapshot v1, https://goo.gl/fbAQLP

exports[`<CookieBanner /> should render 1`] = `
<Memo(Connect(AnimatedEntry))
  animateSelf={true}
  element="div"
  keyframes={
    Object {
      "opacity": Array [
        0,
        1,
      ],
      "transform": Array [
        "translateY(100%)",
        "translateY(0)",
      ],
    }
  }
  style={
    Object {
      "background": "rgb(112, 115, 114)",
      "bottom": 0,
      "color": "#eee",
      "padding": "0.75em",
      "position": "fixed",
      "width": "100vw",
      "zIndex": 101,
    }
  }
>
  <div
    className="row"
    style={
      Object {
        "alignItems": "baseline",
        "display": "flex",
      }
    }
  >
    <div
      className="columns medium-8 large-9 white-color"
    >
      This website requires cookies, and the limited processing of your personal data in order to function. By using the site you are agreeing to this as outlined in our
       
      <Memo(Connect(Link))
        href="https://www.ebi.ac.uk/data-protection/privacy-notice/embl-ebi-public-website"
        style={
          Object {
            "color": "#f8f8f8",
          }
        }
        target="_blank"
      >
        Privacy Notice
      </Memo(Connect(Link))>
       and 
      <Memo(Connect(Link))
        href="https://www.ebi.ac.uk/about/terms-of-use"
        style={
          Object {
            "color": "#f8f8f8",
          }
        }
        target="_blank"
      >
        Terms of Use
      </Memo(Connect(Link))>
      .
    </div>
    <div
      className="columns medium-4 large-3 text-right white-color"
    >
      <button
        onClick={[Function]}
        style={
          Object {
            "color": "#fff",
          }
        }
      >
        I agree, dismiss this banner
      </button>
    </div>
  </div>
</Memo(Connect(AnimatedEntry))>
`;
