// Jest Snapshot v1, https://goo.gl/fbAQLP

exports[`<ByEntriesFeatured /> By Entries Featured 1`] = `
<div
  className="feat-entry-list"
>
  <div
    className="row"
  >
    <div
      className="columns"
    >
      <Memo(ConnectFunction)
        className="card-wrapper"
        element="div"
      >
        <LatestEntry
          entry={
            Object {
              "extra_fields": Object {
                "counters": Object {
                  "domain_architectures": 0,
                  "proteins": 504,
                  "proteomes": 141,
                  "sets": 0,
                  "structures": 0,
                  "taxa": 220,
                },
              },
              "metadata": Object {
                "accession": "IPR026652",
                "member_databases": Object {
                  "panther": Object {
                    "PTHR46657": "FAMILY NOT NAMED",
                  },
                },
                "name": "Centrosomal protein of 128kDa",
                "source_database": "interpro",
                "type": "family",
              },
            }
          }
        />
      </Memo(ConnectFunction)>
      <Memo(ConnectFunction)
        className="button margin-bottom-none"
        to={
          Object {
            "description": Object {
              "entry": Object {
                "db": "InterPro",
              },
              "main": Object {
                "key": "entry",
              },
            },
            "search": Object {
              "latest_entries": "",
            },
          }
        }
      >
        View all latest entries
      </Memo(ConnectFunction)>
    </div>
  </div>
</div>
`;
